2025-11-13 03:26:51 patch SCHEMA start
2025-11-13 03:26:51 monbatch start
2025-11-13 03:26:52 tablecheck [ monbatch ] nothing
2025-11-13 03:26:52 execsql start
BEGIN
CREATE TABLE
ALTER TABLE
CREATE INDEX
CREATE INDEX
COMMIT
2025-11-13 03:26:52 execsql OK
2025-11-13 03:26:52 monbatch end
2025-11-13 03:26:52 monbatch_log start
2025-11-13 03:26:52 tablecheck [ monbatch_log ] nothing
2025-11-13 03:26:52 execsql start
BEGIN
CREATE TABLE
ALTER TABLE
CREATE INDEX
CREATE INDEX
COMMIT
2025-11-13 03:26:52 execsql OK
2025-11-13 03:26:53 monbatch_log end
2025-11-13 03:26:53 monbatch_clog start
2025-11-13 03:26:53 tablecheck [ monbatch_clog ] nothing
2025-11-13 03:26:53 execsql start
BEGIN
CREATE TABLE
ALTER TABLE
COMMIT
2025-11-13 03:26:53 execsql OK
2025-11-13 03:26:53 monbatch_clog end
2025-11-13 03:26:53 monblob start
2025-11-13 03:26:53 tablecheck [ monblob ] nothing
2025-11-13 03:26:53 execsql start
BEGIN
CREATE TABLE
ALTER TABLE
CREATE INDEX
CREATE INDEX
COMMIT
2025-11-13 03:26:54 execsql OK
2025-11-13 03:26:54 monblob end
2025-11-13 03:26:54 monpushevent start
2025-11-13 03:26:54 tablecheck [ monpushevent ] nothing
2025-11-13 03:26:54 execsql start
BEGIN
CREATE TABLE
ALTER TABLE
CREATE INDEX
CREATE INDEX
CREATE INDEX
CREATE INDEX
COMMIT
2025-11-13 03:26:54 execsql OK
2025-11-13 03:26:54 monpushevent end
2025-11-13 03:26:54 seqmonblob start
2025-11-13 03:26:54 tablecheck [ seqmonblob ] nothing
2025-11-13 03:26:55 execsql start
BEGIN
CREATE SEQUENCE
COMMIT
2025-11-13 03:26:55 execsql OK
2025-11-13 03:26:55 seqmonblob end
2025-11-13 03:26:55 seqmonpushevent start
2025-11-13 03:26:55 tablecheck [ seqmonpushevent ] nothing
2025-11-13 03:26:55 execsql start
BEGIN
CREATE SEQUENCE
COMMIT
2025-11-13 03:26:55 execsql OK
2025-11-13 03:26:55 seqmonpushevent end
2025-11-13 03:26:55 patch SCHEMA end
2025-11-13 03:26:55 patch SCHEMA start
S-050200-1-20210126-6
2025-11-13 03:26:56 tbl_onshi_kaku start
2025-11-13 03:26:56 columcheck [ tbl_onshi_kaku.kouhi_uuid ] nothing
2025-11-13 03:26:56 execsql start
BEGIN
ALTER TABLE
UPDATE 0
CREATE INDEX
CREATE INDEX
COMMIT
2025-11-13 03:26:56 execsql OK
2025-11-13 03:26:56 execsql start
BEGIN
UPDATE 1
COMMIT
2025-11-13 03:26:56 execsql OK
2025-11-13 03:26:56 tbl_onshi_kaku end
2025-11-13 03:26:56 patch SCHEMA end
2025-11-13 03:26:56 patch SCHEMA start
S-050200-1-20211104-1
2025-11-13 03:26:57 tbl_tensuplus2 start
2025-11-13 03:26:57 columcheck [ tbl_tensuplus2.yakkakjncdr ] nothing
2025-11-13 03:26:57 execsql start
BEGIN
ALTER TABLE
UPDATE 0
COMMIT
2025-11-13 03:26:57 execsql OK
2025-11-13 03:26:57 execsql start
BEGIN
UPDATE 1
COMMIT
2025-11-13 03:26:57 execsql OK
2025-11-13 03:26:57 tbl_tensuplus2 end
S-050200-1-20220214-1
2025-11-13 03:26:58 tbl_onshi_kaku start
2025-11-13 03:26:58 columcheck [ tbl_onshi_kaku.scr_dltflg ] nothing
2025-11-13 03:26:58 execsql start
BEGIN
ALTER TABLE
UPDATE 0
COMMIT
2025-11-13 03:26:58 execsql OK
2025-11-13 03:26:59 execsql start
BEGIN
UPDATE 1
COMMIT
2025-11-13 03:26:59 execsql OK
2025-11-13 03:26:59 tbl_onshi_kaku end
S-050200-1-20220215-1
2025-11-13 03:26:59 tbl_onshi_yakuzai_main start
2025-11-13 03:26:59 execsql start
BEGIN
UPDATE 1
COMMIT
2025-11-13 03:26:59 execsql OK
2025-11-13 03:26:59 tbl_onshi_yakuzai_main end
S-050200-1-20220215-2
2025-11-13 03:27:00 tbl_onshi_yakuzai_sub start
2025-11-13 03:27:00 execsql start
BEGIN
UPDATE 1
COMMIT
2025-11-13 03:27:00 execsql OK
2025-11-13 03:27:00 tbl_onshi_yakuzai_sub end
2025-11-13 03:27:00 patch SCHEMA end
2025-11-13 03:27:00 patch SCHEMA start
S-050200-1-20220215-3
2025-11-13 03:27:00 tbl_hknjainf_plus start
2025-11-13 03:27:00 tablecheck [ tbl_hknjainf_plus ] nothing
2025-11-13 03:27:00 execsql start
BEGIN
CREATE TABLE
ALTER TABLE
COMMIT
2025-11-13 03:27:01 execsql OK
2025-11-13 03:27:01 execsql start
BEGIN
UPDATE 1
COMMIT
2025-11-13 03:27:01 execsql OK
2025-11-13 03:27:01 tbl_hknjainf_plus end
2025-11-13 03:27:01 patch SCHEMA end
2025-11-13 03:27:01 patch SCHEMA start
S-050200-1-20220302-1
2025-11-13 03:27:01 tbl_tensu_org start
2025-11-13 03:27:01 tablecheck [ tbl_tensu_org ] nothing
2025-11-13 03:27:02 execsql start
BEGIN
UPDATE 1
COMMIT
2025-11-13 03:27:02 execsql OK
2025-11-13 03:27:02 tbl_tensu_org end
S-050200-1-20220311-1
2025-11-13 03:27:02 tbl_tensu_master start
2025-11-13 03:27:02 columcheck [ tbl_tensu_master.sekkaisoukikiksn ] nothing
2025-11-13 03:27:02 execsql start
BEGIN
ALTER TABLE
COMMIT
2025-11-13 03:27:07 execsql OK
2025-11-13 03:27:07 execsql start
BEGIN
UPDATE 1
COMMIT
2025-11-13 03:27:07 execsql OK
2025-11-13 03:27:08 tbl_tensu_master end
S-050200-1-20220314-1
2025-11-13 03:27:08 tbl_tensu_user start
2025-11-13 03:27:08 columcheck [ tbl_tensu_user.sekkaisoukikiksn ] nothing
2025-11-13 03:27:08 execsql start
BEGIN
ALTER TABLE
COMMIT
2025-11-13 03:27:08 execsql OK
2025-11-13 03:27:08 execsql start
BEGIN
UPDATE 1
COMMIT
2025-11-13 03:27:09 execsql OK
2025-11-13 03:27:09 tbl_tensu_user end
S-050200-1-20220314-2
2025-11-13 03:27:09 tbl_tensu_user start
2025-11-13 03:27:09 execsql start
DROP VIEW
CREATE VIEW
2025-11-13 03:27:09 execsql OK
2025-11-13 03:27:09 execsql start
BEGIN
UPDATE 1
COMMIT
2025-11-13 03:27:09 execsql OK
2025-11-13 03:27:09 tbl_tensu_user end
2025-11-13 03:27:09 patch SCHEMA end
2025-11-13 03:27:10 patch SCHEMA start
S-050200-1-20220314-3
2025-11-13 03:27:10 tbl_onshi_kaku start
2025-11-13 03:27:10 columcheck [ tbl_onshi_kaku.shinryo_kigen ] nothing
2025-11-13 03:27:10 execsql start
BEGIN
ALTER TABLE
UPDATE 0
COMMIT
2025-11-13 03:27:10 execsql OK
2025-11-13 03:27:10 execsql start
BEGIN
UPDATE 1
COMMIT
2025-11-13 03:27:10 execsql OK
2025-11-13 03:27:10 tbl_onshi_kaku end
S-050200-1-20220810-1
2025-11-13 03:27:11 tbl_onshi_yakuzai_main start
tbl_onshi_yakuzai_main
2025-11-13 03:27:11 tablecheck [ tbl_onshi_yakuzai_main ] exist
2025-11-13 03:27:11 execsql start
BEGIN
DROP TABLE
CREATE TABLE
ALTER TABLE
COMMIT
2025-11-13 03:27:11 execsql OK
2025-11-13 03:27:11 execsql start
BEGIN
UPDATE 1
COMMIT
2025-11-13 03:27:11 execsql OK
2025-11-13 03:27:11 tbl_onshi_yakuzai_main end
S-050200-1-20220810-2
2025-11-13 03:27:12 tbl_onshi_yakuzai_sub start
tbl_onshi_yakuzai_sub
2025-11-13 03:27:12 tablecheck [ tbl_onshi_yakuzai_sub ] exist
2025-11-13 03:27:12 execsql start
BEGIN
DROP TABLE
CREATE TABLE
ALTER TABLE
COMMIT
2025-11-13 03:27:12 execsql OK
2025-11-13 03:27:12 execsql start
BEGIN
UPDATE 1
COMMIT
2025-11-13 03:27:12 execsql OK
2025-11-13 03:27:12 tbl_onshi_yakuzai_sub end
S-050200-1-20220810-3
2025-11-13 03:27:13 tbl_onshi_shinryo_main start
2025-11-13 03:27:13 tablecheck [ tbl_onshi_shinryo_main ] nothing
2025-11-13 03:27:13 execsql start
BEGIN
CREATE TABLE
ALTER TABLE
COMMIT
2025-11-13 03:27:13 execsql OK
2025-11-13 03:27:13 execsql start
BEGIN
UPDATE 1
COMMIT
2025-11-13 03:27:13 execsql OK
2025-11-13 03:27:14 tbl_onshi_shinryo_main end
S-050200-1-20220810-4
2025-11-13 03:27:14 tbl_onshi_shinryo_sub start
2025-11-13 03:27:14 tablecheck [ tbl_onshi_shinryo_sub ] nothing
2025-11-13 03:27:14 execsql start
BEGIN
CREATE TABLE
ALTER TABLE
COMMIT
2025-11-13 03:27:14 execsql OK
2025-11-13 03:27:14 execsql start
BEGIN
UPDATE 1
COMMIT
2025-11-13 03:27:15 execsql OK
2025-11-13 03:27:15 tbl_onshi_shinryo_sub end
S-050200-1-20220810-5
2025-11-13 03:27:15 tbl_onshi_shika_sub start
2025-11-13 03:27:15 tablecheck [ tbl_onshi_shika_sub ] nothing
2025-11-13 03:27:15 execsql start
BEGIN
CREATE TABLE
ALTER TABLE
COMMIT
2025-11-13 03:27:15 execsql OK
2025-11-13 03:27:15 execsql start
BEGIN
UPDATE 1
COMMIT
2025-11-13 03:27:16 execsql OK
2025-11-13 03:27:16 tbl_onshi_shika_sub end
S-050200-1-20220810-6
2025-11-13 03:27:16 tbl_onshi_kaku start
character varying(50)
2025-11-13 03:27:16 columcheck2 [ tbl_onshi_kaku.hknocr_filename ] ( character varying(50) )
2025-11-13 03:27:16 execsql start
BEGIN
ALTER TABLE
COMMIT
2025-11-13 03:27:16 execsql OK
2025-11-13 03:27:16 execsql start
BEGIN
UPDATE 1
COMMIT
2025-11-13 03:27:17 execsql OK
2025-11-13 03:27:17 tbl_onshi_kaku end
S-050200-1-20220810-7
2025-11-13 03:27:17 tbl_onshi_cond start
2025-11-13 03:27:17 tablecheck [ tbl_onshi_cond ] nothing
2025-11-13 03:27:17 execsql start
BEGIN
CREATE TABLE
ALTER TABLE
COMMIT
2025-11-13 03:27:17 execsql OK
2025-11-13 03:27:17 execsql start
BEGIN
UPDATE 1
COMMIT
2025-11-13 03:27:17 execsql OK
2025-11-13 03:27:18 tbl_onshi_cond end
2025-11-13 03:27:18 patch SCHEMA end
2025-11-13 03:27:18 patch SCHEMA start
S-050200-1-20220822-1
2025-11-13 03:27:18 tbl_onshi_image start
2025-11-13 03:27:18 tablecheck [ tbl_onshi_image ] nothing
2025-11-13 03:27:18 execsql start
BEGIN
CREATE TABLE
ALTER TABLE
COMMIT
2025-11-13 03:27:18 execsql OK
2025-11-13 03:27:18 execsql start
BEGIN
UPDATE 1
COMMIT
2025-11-13 03:27:19 execsql OK
2025-11-13 03:27:19 tbl_onshi_image end
2025-11-13 03:27:19 patch SCHEMA end
2025-11-13 03:27:19 patch SCHEMA start
S-050200-1-20220920-1
2025-11-13 03:27:19 tbl_onshi_kaku start
character varying(8)
2025-11-13 03:27:19 columcheck2 [ tbl_onshi_kaku.kenshin_kigenymd ] ( character varying(8) )
2025-11-13 03:27:19 execsql start
BEGIN
ALTER TABLE
UPDATE 0
COMMIT
2025-11-13 03:27:19 execsql OK
2025-11-13 03:27:19 execsql start
BEGIN
UPDATE 1
COMMIT
2025-11-13 03:27:20 execsql OK
2025-11-13 03:27:20 tbl_onshi_kaku end
2025-11-13 03:27:20 patch SCHEMA end
2025-11-13 03:27:20 patch SCHEMA start
S-050200-1-20230111-1
2025-11-13 03:27:20 tbl_shoho_kanri start
2025-11-13 03:27:20 tablecheck [ tbl_shoho_kanri ] nothing
2025-11-13 03:27:20 execsql start
BEGIN
CREATE TABLE
ALTER TABLE
COMMIT
2025-11-13 03:27:20 execsql OK
2025-11-13 03:27:21 execsql start
BEGIN
UPDATE 1
COMMIT
2025-11-13 03:27:21 execsql OK
2025-11-13 03:27:21 tbl_shoho_kanri end
2025-11-13 03:27:21 patch SCHEMA end
2025-11-13 03:27:21 patch SCHEMA start
S-050200-1-20230201-1
2025-11-13 03:27:21 tbl_henrei_body start
2025-11-13 03:27:21 columcheck [ tbl_henrei_body.shikaku_info_flg ] nothing
2025-11-13 03:27:21 execsql start
BEGIN
ALTER TABLE
UPDATE 0
COMMIT
2025-11-13 03:27:22 execsql OK
2025-11-13 03:27:22 execsql start
BEGIN
UPDATE 1
COMMIT
2025-11-13 03:27:22 execsql OK
2025-11-13 03:27:22 tbl_henrei_body end
2025-11-13 03:27:22 patch SCHEMA end
2025-11-13 03:27:22 patch SCHEMA start
S-050200-1-20230817-1
2025-11-13 03:27:22 tbl_youhou start
2025-11-13 03:27:22 tablecheck [ tbl_youhou ] nothing
2025-11-13 03:27:22 execsql start
BEGIN
CREATE TABLE
ALTER TABLE
CREATE INDEX
CREATE INDEX
COMMIT
2025-11-13 03:27:23 execsql OK
2025-11-13 03:27:23 execsql start
BEGIN
UPDATE 1
COMMIT
2025-11-13 03:27:23 execsql OK
2025-11-13 03:27:23 tbl_youhou end
S-050200-1-20230913-1
2025-11-13 03:27:23 tbl_youhou start
2025-11-13 03:27:23 tablecheck [ tbl_youhou ] nothing
2025-11-13 03:27:23 execsql start
BEGIN
CREATE VIEW
COMMIT
2025-11-13 03:27:24 execsql OK
2025-11-13 03:27:24 execsql start
BEGIN
UPDATE 1
COMMIT
2025-11-13 03:27:24 execsql OK
2025-11-13 03:27:24 tbl_youhou end
S-050200-1-20230913-2
2025-11-13 03:27:25 tbl_mstkanri start
2025-11-13 03:27:25 execsql start
BEGIN
SET
INSERT 0 1
COMMIT
2025-11-13 03:27:25 execsql OK
2025-11-13 03:27:25 execsql start
BEGIN
UPDATE 1
COMMIT
2025-11-13 03:27:25 execsql OK
2025-11-13 03:27:25 tbl_mstkanri end
S-050200-1-20230913-3
2025-11-13 03:27:25 tbl_youhouchg start
2025-11-13 03:27:26 tablecheck [ tbl_youhouchg ] nothing
2025-11-13 03:27:26 execsql start
BEGIN
CREATE TABLE
ALTER TABLE
CREATE INDEX
COMMIT
2025-11-13 03:27:26 execsql OK
2025-11-13 03:27:26 execsql start
BEGIN
UPDATE 1
COMMIT
2025-11-13 03:27:26 execsql OK
2025-11-13 03:27:26 tbl_youhouchg end
S-050200-1-20230913-4
2025-11-13 03:27:26 tbl_henrei_body start
2025-11-13 03:27:27 columcheck [ tbl_henrei_body.screen_upd_flg ] nothing
2025-11-13 03:27:27 execsql start
BEGIN
ALTER TABLE
UPDATE 0
COMMIT
2025-11-13 03:27:27 execsql OK
2025-11-13 03:27:27 execsql start
BEGIN
UPDATE 1
COMMIT
2025-11-13 03:27:27 execsql OK
2025-11-13 03:27:27 tbl_henrei_body end
S-050200-1-20231010-1
2025-11-13 03:27:28 tbl_ptkohinf start
2025-11-13 03:27:28 execsql start
BEGIN
CREATE INDEX
COMMIT
2025-11-13 03:27:28 execsql OK
2025-11-13 03:27:28 execsql start
BEGIN
UPDATE 1
COMMIT
2025-11-13 03:27:28 execsql OK
2025-11-13 03:27:28 tbl_ptkohinf end
2025-11-13 03:27:28 patch SCHEMA end
2025-11-13 03:27:28 patch SCHEMA start
S-050200-1-20231010-2
2025-11-13 03:27:29 tbl_monthlynum start
2025-11-13 03:27:29 columcheck [ tbl_monthlynum.kofunum ] nothing
2025-11-13 03:27:29 execsql start
BEGIN
ALTER TABLE
UPDATE 0
COMMIT
2025-11-13 03:27:29 execsql OK
2025-11-13 03:27:29 execsql start
BEGIN
UPDATE 1
COMMIT
2025-11-13 03:27:30 execsql OK
2025-11-13 03:27:30 tbl_monthlynum end
S-050200-1-20240118-1
2025-11-13 03:27:30 tbl_shoho_kanri start
2025-11-13 03:27:30 columcheck [ tbl_shoho_kanri.refill_zaikaisu ] nothing
2025-11-13 03:27:30 execsql start
BEGIN
ALTER TABLE
UPDATE 0
COMMIT
2025-11-13 03:27:30 execsql OK
2025-11-13 03:27:30 execsql start
BEGIN
UPDATE 1
COMMIT
2025-11-13 03:27:31 execsql OK
2025-11-13 03:27:31 tbl_shoho_kanri end
2025-11-13 03:27:31 patch SCHEMA end
2025-11-13 03:27:31 patch SCHEMA start
S-050200-1-20240118-2
2025-11-13 03:27:31 tbl_onshi_kaku start
2025-11-13 03:27:31 columcheck [ tbl_onshi_kaku.onshinryo_kbn ] nothing
2025-11-13 03:27:31 execsql start
BEGIN
ALTER TABLE
UPDATE 0
COMMIT
2025-11-13 03:27:32 execsql OK
2025-11-13 03:27:32 execsql start
BEGIN
UPDATE 1
COMMIT
2025-11-13 03:27:32 execsql OK
2025-11-13 03:27:32 tbl_onshi_kaku end
2025-11-13 03:27:32 patch SCHEMA end
2025-11-13 03:27:32 patch SCHEMA start
S-050200-1-20240205-1
2025-11-13 03:27:33 tbl_onshi_aidlst start
2025-11-13 03:27:33 tablecheck [ tbl_onshi_aidlst ] nothing
2025-11-13 03:27:33 execsql start
BEGIN
CREATE TABLE
ALTER TABLE
CREATE INDEX
CREATE INDEX
CREATE INDEX
COMMIT
2025-11-13 03:27:33 execsql OK
2025-11-13 03:27:33 execsql start
BEGIN
UPDATE 1
COMMIT
2025-11-13 03:27:33 execsql OK
2025-11-13 03:27:33 tbl_onshi_aidlst end
S-050200-1-20240314-1
2025-11-13 03:27:34 tbl_onshi_kaku start
2025-11-13 03:27:34 execsql start
BEGIN
CREATE INDEX
COMMIT
2025-11-13 03:27:34 execsql OK
2025-11-13 03:27:34 execsql start
BEGIN
UPDATE 1
COMMIT
2025-11-13 03:27:34 execsql OK
2025-11-13 03:27:34 tbl_onshi_kaku end
2025-11-13 03:27:34 patch SCHEMA end
2025-11-13 03:27:34 patch SCHEMA start
S-050200-1-20240314-2
2025-11-13 03:27:35 tbl_onshi_kaku start
2025-11-13 03:27:35 columcheck [ tbl_onshi_kaku.fujyo_heiyo ] nothing
2025-11-13 03:27:35 execsql start
BEGIN
ALTER TABLE
UPDATE 0
CREATE INDEX
COMMIT
2025-11-13 03:27:35 execsql OK
2025-11-13 03:27:35 execsql start
BEGIN
UPDATE 1
COMMIT
2025-11-13 03:27:36 execsql OK
2025-11-13 03:27:36 tbl_onshi_kaku end
2025-11-13 03:27:36 patch SCHEMA end
2025-11-13 03:27:36 patch SCHEMA start
S-050200-1-20240420-1
2025-11-13 03:27:36 tbl_tensu_master start
2025-11-13 03:27:36 columcheck [ tbl_tensu_master.hivkbn ] nothing
2025-11-13 03:27:36 execsql start
BEGIN
DROP VIEW
ALTER TABLE
UPDATE 296499
COMMIT
2025-11-13 03:27:51 execsql OK
2025-11-13 03:27:51 execsql start
BEGIN
UPDATE 1
COMMIT
2025-11-13 03:27:51 execsql OK
2025-11-13 03:27:51 tbl_tensu_master end
S-050200-1-20240501-1
2025-11-13 03:27:52 tbl_tensu_user start
2025-11-13 03:27:52 columcheck [ tbl_tensu_user.hivkbn ] nothing
2025-11-13 03:27:52 execsql start
BEGIN
ALTER TABLE
UPDATE 525
COMMIT
2025-11-13 03:27:53 execsql OK
2025-11-13 03:27:53 execsql start
BEGIN
UPDATE 1
COMMIT
2025-11-13 03:27:53 execsql OK
2025-11-13 03:27:53 tbl_tensu_user end
S-050200-1-20240501-2
2025-11-13 03:27:53 tbl_tensu_user start
2025-11-13 03:27:53 execsql start
psql:/opt/jma/weborca/mw/patch/scripts/TENSUVIEW20240501:8: NOTICE:  view "tbl_tensu" does not exist, skipping
DROP VIEW
CREATE VIEW
2025-11-13 03:27:53 execsql OK
2025-11-13 03:27:54 execsql start
BEGIN
UPDATE 1
COMMIT
2025-11-13 03:27:54 execsql OK
2025-11-13 03:27:54 tbl_tensu_user end
2025-11-13 03:27:54 patch SCHEMA end
2025-11-13 03:27:54 patch SCHEMA start
S-050200-1-20240501-3
2025-11-13 03:27:54 tbl_onshi_kaku start
2025-11-13 03:27:54 columcheck [ tbl_onshi_kaku.join_skkgetymd ] nothing
2025-11-13 03:27:54 execsql start
BEGIN
ALTER TABLE
UPDATE 0
COMMIT
2025-11-13 03:27:55 execsql OK
2025-11-13 03:27:55 execsql start
BEGIN
UPDATE 1
COMMIT
2025-11-13 03:27:55 execsql OK
2025-11-13 03:27:55 tbl_onshi_kaku end
2025-11-13 03:27:55 patch SCHEMA end
2025-11-13 03:27:55 patch SCHEMA start
S-050200-1-20240815-1
2025-11-13 03:27:55 tbl_tensu_master start
2025-11-13 03:27:56 columcheck [ tbl_tensu_master.cyokisenteikbn ] nothing
2025-11-13 03:27:56 execsql start
BEGIN
DROP VIEW
ALTER TABLE
UPDATE 296499
COMMIT
2025-11-13 03:28:10 execsql OK
2025-11-13 03:28:10 execsql start
BEGIN
UPDATE 1
COMMIT
2025-11-13 03:28:10 execsql OK
2025-11-13 03:28:10 tbl_tensu_master end
S-050200-1-20240901-1
2025-11-13 03:28:11 tbl_tensu_user start
2025-11-13 03:28:11 columcheck [ tbl_tensu_user.cyokisenteikbn ] nothing
2025-11-13 03:28:11 execsql start
BEGIN
ALTER TABLE
UPDATE 525
COMMIT
2025-11-13 03:28:11 execsql OK
2025-11-13 03:28:11 execsql start
BEGIN
UPDATE 1
COMMIT
2025-11-13 03:28:12 execsql OK
2025-11-13 03:28:12 tbl_tensu_user end
S-050200-1-20240901-2
2025-11-13 03:28:12 tbl_tensu_user start
2025-11-13 03:28:12 execsql start
psql:/opt/jma/weborca/mw/patch/scripts/TENSUVIEW20240901:8: NOTICE:  view "tbl_tensu" does not exist, skipping
DROP VIEW
CREATE VIEW
2025-11-13 03:28:12 execsql OK
2025-11-13 03:28:12 execsql start
BEGIN
UPDATE 1
COMMIT
2025-11-13 03:28:12 execsql OK
2025-11-13 03:28:12 tbl_tensu_user end
S-050200-1-20240901-3
2025-11-13 03:28:13 tbl_sryacct_main start
2025-11-13 03:28:13 columcheck [ tbl_sryacct_main.cyokisenteikbn ] nothing
2025-11-13 03:28:13 execsql start
BEGIN
ALTER TABLE
COMMIT
2025-11-13 03:28:13 execsql OK
2025-11-13 03:28:13 execsql start
BEGIN
UPDATE 1
COMMIT
2025-11-13 03:28:13 execsql OK
2025-11-13 03:28:13 tbl_sryacct_main end
S-050200-1-20240901-4
2025-11-13 03:28:14 tbl_sryact start
2025-11-13 03:28:14 columcheck [ tbl_sryact.cyokisentei_5 ] nothing
2025-11-13 03:28:14 execsql start
BEGIN
ALTER TABLE
UPDATE 0
COMMIT
2025-11-13 03:28:14 execsql OK
2025-11-13 03:28:14 execsql start
BEGIN
UPDATE 1
COMMIT
2025-11-13 03:28:14 execsql OK
2025-11-13 03:28:14 tbl_sryact end
S-050200-1-20240901-5
2025-11-13 03:28:15 tbl_wksryact start
2025-11-13 03:28:15 columcheck [ tbl_wksryact.cyokisenteikbn ] nothing
2025-11-13 03:28:15 execsql start
BEGIN
ALTER TABLE
UPDATE 0
COMMIT
2025-11-13 03:28:15 execsql OK
2025-11-13 03:28:15 execsql start
BEGIN
UPDATE 1
COMMIT
2025-11-13 03:28:15 execsql OK
2025-11-13 03:28:15 tbl_wksryact end
S-050200-1-20240901-6
2025-11-13 03:28:16 tbl_sryacct_prv start
2025-11-13 03:28:16 columcheck [ tbl_sryacct_prv.cyokisenteikbn ] nothing
2025-11-13 03:28:16 execsql start
BEGIN
ALTER TABLE
COMMIT
2025-11-13 03:28:16 execsql OK
2025-11-13 03:28:16 execsql start
BEGIN
UPDATE 1
COMMIT
2025-11-13 03:28:16 execsql OK
2025-11-13 03:28:16 tbl_sryacct_prv end
S-050200-1-20240901-7
2025-11-13 03:28:17 tbl_sryact_prv start
2025-11-13 03:28:17 columcheck [ tbl_sryact_prv.cyokisentei_5 ] nothing
2025-11-13 03:28:17 execsql start
BEGIN
ALTER TABLE
UPDATE 0
COMMIT
2025-11-13 03:28:17 execsql OK
2025-11-13 03:28:17 execsql start
BEGIN
UPDATE 1
COMMIT
2025-11-13 03:28:17 execsql OK
2025-11-13 03:28:17 tbl_sryact_prv end
2025-11-13 03:28:17 patch SCHEMA end
2025-11-13 03:28:17 patch SCHEMA start
S-050200-1-20240901-8
2025-11-13 03:28:18 tbl_onshi_kaku start
2025-11-13 03:28:18 columcheck [ tbl_onshi_kaku.shoho_kigen ] nothing
2025-11-13 03:28:18 execsql start
BEGIN
ALTER TABLE
UPDATE 0
COMMIT
2025-11-13 03:28:18 execsql OK
2025-11-13 03:28:18 execsql start
BEGIN
UPDATE 1
COMMIT
2025-11-13 03:28:18 execsql OK
2025-11-13 03:28:18 tbl_onshi_kaku end
2025-11-13 03:28:18 patch SCHEMA end
2025-11-13 03:28:19 patch SCHEMA start
S-050200-1-20250120-1
2025-11-13 03:28:19 tbl_onshi_houmon start
2025-11-13 03:28:19 tablecheck [ tbl_onshi_houmon ] nothing
2025-11-13 03:28:19 execsql start
BEGIN
CREATE TABLE
ALTER TABLE
CREATE INDEX
CREATE INDEX
COMMIT
2025-11-13 03:28:19 execsql OK
2025-11-13 03:28:19 execsql start
BEGIN
UPDATE 1
COMMIT
2025-11-13 03:28:20 execsql OK
2025-11-13 03:28:20 tbl_onshi_houmon end
2025-11-13 03:28:20 patch SCHEMA end
2025-11-13 03:28:20 patch SCHEMA start
S-050200-1-20250327-1
2025-11-13 03:28:20 tbl_youhou start
2025-11-13 03:28:20 execsql start
BEGIN
ALTER TABLE
ALTER TABLE
COMMIT
2025-11-13 03:28:20 execsql OK
2025-11-13 03:28:20 execsql start
BEGIN
UPDATE 1
COMMIT
2025-11-13 03:28:20 execsql OK
2025-11-13 03:28:20 tbl_youhou end
2025-11-13 03:28:20 patch SCHEMA end
2025-11-13 03:29:48 patch SCHEMA start
2025-11-13 03:29:48 monbatch start
monbatch
2025-11-13 03:29:49 tablecheck [ monbatch ] exist
2025-11-13 03:29:49 monbatch end
2025-11-13 03:29:49 monbatch_log start
monbatch_log
2025-11-13 03:29:49 tablecheck [ monbatch_log ] exist
2025-11-13 03:29:49 monbatch_log end
2025-11-13 03:29:49 monbatch_clog start
monbatch_clog
2025-11-13 03:29:49 tablecheck [ monbatch_clog ] exist
2025-11-13 03:29:49 monbatch_clog end
2025-11-13 03:29:49 monblob start
monblob
2025-11-13 03:29:49 tablecheck [ monblob ] exist
2025-11-13 03:29:49 monblob end
2025-11-13 03:29:50 monpushevent start
monpushevent
2025-11-13 03:29:50 tablecheck [ monpushevent ] exist
2025-11-13 03:29:50 monpushevent end
2025-11-13 03:29:50 seqmonblob start
seqmonblob
2025-11-13 03:29:50 tablecheck [ seqmonblob ] exist
2025-11-13 03:29:50 seqmonblob end
2025-11-13 03:29:50 seqmonpushevent start
seqmonpushevent
2025-11-13 03:29:50 tablecheck [ seqmonpushevent ] exist
2025-11-13 03:29:50 seqmonpushevent end
2025-11-13 03:29:50 patch SCHEMA end
2025-11-13 03:31:18 patch SCHEMA start
2025-11-13 03:31:18 monbatch start
monbatch
2025-11-13 03:31:18 tablecheck [ monbatch ] exist
2025-11-13 03:31:18 monbatch end
2025-11-13 03:31:18 monbatch_log start
monbatch_log
2025-11-13 03:31:19 tablecheck [ monbatch_log ] exist
2025-11-13 03:31:19 monbatch_log end
2025-11-13 03:31:19 monbatch_clog start
monbatch_clog
2025-11-13 03:31:19 tablecheck [ monbatch_clog ] exist
2025-11-13 03:31:19 monbatch_clog end
2025-11-13 03:31:19 monblob start
monblob
2025-11-13 03:31:19 tablecheck [ monblob ] exist
2025-11-13 03:31:19 monblob end
2025-11-13 03:31:19 monpushevent start
monpushevent
2025-11-13 03:31:20 tablecheck [ monpushevent ] exist
2025-11-13 03:31:20 monpushevent end
2025-11-13 03:31:20 seqmonblob start
seqmonblob
2025-11-13 03:31:20 tablecheck [ seqmonblob ] exist
2025-11-13 03:31:20 seqmonblob end
2025-11-13 03:31:20 seqmonpushevent start
seqmonpushevent
2025-11-13 03:31:21 tablecheck [ seqmonpushevent ] exist
2025-11-13 03:31:21 seqmonpushevent end
2025-11-13 03:31:21 patch SCHEMA end
2025-11-13 03:32:25 patch SCHEMA start
2025-11-13 03:32:25 monbatch start
monbatch
2025-11-13 03:32:26 tablecheck [ monbatch ] exist
2025-11-13 03:32:26 monbatch end
2025-11-13 03:32:26 monbatch_log start
monbatch_log
2025-11-13 03:32:26 tablecheck [ monbatch_log ] exist
2025-11-13 03:32:26 monbatch_log end
2025-11-13 03:32:26 monbatch_clog start
monbatch_clog
2025-11-13 03:32:26 tablecheck [ monbatch_clog ] exist
2025-11-13 03:32:26 monbatch_clog end
2025-11-13 03:32:26 monblob start
monblob
2025-11-13 03:32:26 tablecheck [ monblob ] exist
2025-11-13 03:32:26 monblob end
2025-11-13 03:32:26 monpushevent start
monpushevent
2025-11-13 03:32:27 tablecheck [ monpushevent ] exist
2025-11-13 03:32:27 monpushevent end
2025-11-13 03:32:27 seqmonblob start
seqmonblob
2025-11-13 03:32:27 tablecheck [ seqmonblob ] exist
2025-11-13 03:32:27 seqmonblob end
2025-11-13 03:32:27 seqmonpushevent start
seqmonpushevent
2025-11-13 03:32:28 tablecheck [ seqmonpushevent ] exist
2025-11-13 03:32:28 seqmonpushevent end
2025-11-13 03:32:28 patch SCHEMA end
2025-11-13 03:32:52 patch SCHEMA start
2025-11-13 03:32:52 monbatch start
monbatch
2025-11-13 03:32:52 tablecheck [ monbatch ] exist
2025-11-13 03:32:52 monbatch end
2025-11-13 03:32:52 monbatch_log start
monbatch_log
2025-11-13 03:32:53 tablecheck [ monbatch_log ] exist
2025-11-13 03:32:53 monbatch_log end
2025-11-13 03:32:53 monbatch_clog start
monbatch_clog
2025-11-13 03:32:53 tablecheck [ monbatch_clog ] exist
2025-11-13 03:32:53 monbatch_clog end
2025-11-13 03:32:53 monblob start
monblob
2025-11-13 03:32:53 tablecheck [ monblob ] exist
2025-11-13 03:32:53 monblob end
2025-11-13 03:32:53 monpushevent start
monpushevent
2025-11-13 03:32:54 tablecheck [ monpushevent ] exist
2025-11-13 03:32:54 monpushevent end
2025-11-13 03:32:54 seqmonblob start
seqmonblob
2025-11-13 03:32:54 tablecheck [ seqmonblob ] exist
2025-11-13 03:32:54 seqmonblob end
2025-11-13 03:32:54 seqmonpushevent start
seqmonpushevent
2025-11-13 03:32:54 tablecheck [ seqmonpushevent ] exist
2025-11-13 03:32:54 seqmonpushevent end
2025-11-13 03:32:54 patch SCHEMA end
2025-11-13 03:32:54 patch SCHEMA start
S-050200-1-20251002-1
2025-11-13 03:32:55 patch SCHEMA end
2025-11-13 03:32:55 patch SCHEMA start
S-050200-1-20251002-1
S-050200-1-20251002-1
S-050200-1-20251002-1
S-050200-1-20251002-1
2025-11-13 03:32:56 patch SCHEMA end
2025-11-13 03:32:56 patch SCHEMA start
S-050200-1-20251002-1
2025-11-13 03:32:56 patch SCHEMA end
2025-11-13 03:32:56 patch SCHEMA start
S-050200-1-20251002-1
S-050200-1-20251002-1
S-050200-1-20251002-1
S-050200-1-20251002-1
2025-11-13 03:32:57 patch SCHEMA end
2025-11-13 03:32:58 patch SCHEMA start
S-050200-1-20251002-1
S-050200-1-20251002-1
S-050200-1-20251002-1
S-050200-1-20251002-1
S-050200-1-20251002-1
S-050200-1-20251002-1
S-050200-1-20251002-1
S-050200-1-20251002-1
2025-11-13 03:33:06 patch SCHEMA end
2025-11-13 03:33:06 patch SCHEMA start
S-050200-1-20251002-1
2025-11-13 03:33:07 patch SCHEMA end
2025-11-13 03:33:07 patch SCHEMA start
S-050200-1-20251002-1
2025-11-13 03:33:07 patch SCHEMA end
2025-11-13 03:33:07 patch SCHEMA start
S-050200-1-20251002-1
2025-11-13 03:33:08 patch SCHEMA end
2025-11-13 03:33:08 patch SCHEMA start
S-050200-1-20251002-1
2025-11-13 03:33:09 patch SCHEMA end
2025-11-13 03:33:09 patch SCHEMA start
S-050200-1-20251002-1
S-050200-1-20251002-1
S-050200-1-20251002-1
S-050200-1-20251002-1
S-050200-1-20251002-1
S-050200-1-20251002-1
2025-11-13 03:33:12 patch SCHEMA end
2025-11-13 03:33:12 patch SCHEMA start
S-050200-1-20251002-1
S-050200-1-20251002-1
2025-11-13 03:33:13 patch SCHEMA end
2025-11-13 03:33:13 patch SCHEMA start
S-050200-1-20251002-1
2025-11-13 03:33:14 patch SCHEMA end
2025-11-13 03:33:14 patch SCHEMA start
S-050200-1-20251002-1
S-050200-1-20251002-1
2025-11-13 03:33:14 patch SCHEMA end
2025-11-13 03:33:15 patch SCHEMA start
S-050200-1-20251002-1
2025-11-13 03:33:15 patch SCHEMA end
2025-11-13 03:33:15 patch SCHEMA start
S-050200-1-20251002-1
S-050200-1-20251002-1
S-050200-1-20251002-1
2025-11-13 03:33:16 patch SCHEMA end
2025-11-13 03:33:16 patch SCHEMA start
S-050200-1-20251002-1
2025-11-13 03:33:16 patch SCHEMA end
2025-11-13 03:33:16 patch SCHEMA start
S-050200-1-20251002-1
S-050200-1-20251002-1
S-050200-1-20251002-1
S-050200-1-20251002-1
S-050200-1-20251002-1
S-050200-1-20251002-1
S-050200-1-20251002-1
S-050200-1-20251002-1
2025-11-13 03:33:18 patch SCHEMA end
2025-11-13 03:33:18 patch SCHEMA start
S-050200-1-20251002-1
2025-11-13 03:33:18 patch SCHEMA end
2025-11-13 03:33:18 patch SCHEMA start
S-050200-1-20251002-1
2025-11-13 03:33:18 patch SCHEMA end
2025-11-13 03:33:18 patch SCHEMA start
S-050200-1-20251002-1
2025-11-13 03:33:19 patch SCHEMA end
2025-11-13 04:15:33 patch SCHEMA start
2025-11-13 04:15:33 monbatch start
monbatch
2025-11-13 04:15:33 tablecheck [ monbatch ] exist
2025-11-13 04:15:33 monbatch end
2025-11-13 04:15:33 monbatch_log start
monbatch_log
2025-11-13 04:15:34 tablecheck [ monbatch_log ] exist
2025-11-13 04:15:34 monbatch_log end
2025-11-13 04:15:34 monbatch_clog start
monbatch_clog
2025-11-13 04:15:34 tablecheck [ monbatch_clog ] exist
2025-11-13 04:15:34 monbatch_clog end
2025-11-13 04:15:34 monblob start
monblob
2025-11-13 04:15:34 tablecheck [ monblob ] exist
2025-11-13 04:15:34 monblob end
2025-11-13 04:15:34 monpushevent start
monpushevent
2025-11-13 04:15:34 tablecheck [ monpushevent ] exist
2025-11-13 04:15:34 monpushevent end
2025-11-13 04:15:34 seqmonblob start
seqmonblob
2025-11-13 04:15:35 tablecheck [ seqmonblob ] exist
2025-11-13 04:15:35 seqmonblob end
2025-11-13 04:15:35 seqmonpushevent start
seqmonpushevent
2025-11-13 04:15:35 tablecheck [ seqmonpushevent ] exist
2025-11-13 04:15:35 seqmonpushevent end
2025-11-13 04:15:35 patch SCHEMA end
2025-11-13 04:15:35 patch SCHEMA start
S-050200-1-20251002-1
2025-11-13 04:15:35 patch SCHEMA end
2025-11-13 04:15:36 patch SCHEMA start
S-050200-1-20251002-1
S-050200-1-20251002-1
S-050200-1-20251002-1
S-050200-1-20251002-1
2025-11-13 04:15:37 patch SCHEMA end
2025-11-13 04:15:37 patch SCHEMA start
S-050200-1-20251002-1
2025-11-13 04:15:37 patch SCHEMA end
2025-11-13 04:15:37 patch SCHEMA start
S-050200-1-20251002-1
S-050200-1-20251002-1
S-050200-1-20251002-1
S-050200-1-20251002-1
2025-11-13 04:15:38 patch SCHEMA end
2025-11-13 04:15:38 patch SCHEMA start
S-050200-1-20251002-1
S-050200-1-20251002-1
S-050200-1-20251002-1
S-050200-1-20251002-1
S-050200-1-20251002-1
S-050200-1-20251002-1
S-050200-1-20251002-1
S-050200-1-20251002-1
2025-11-13 04:15:40 patch SCHEMA end
2025-11-13 04:15:40 patch SCHEMA start
S-050200-1-20251002-1
2025-11-13 04:15:40 patch SCHEMA end
2025-11-13 04:15:40 patch SCHEMA start
S-050200-1-20251002-1
2025-11-13 04:15:41 patch SCHEMA end
2025-11-13 04:15:41 patch SCHEMA start
S-050200-1-20251002-1
2025-11-13 04:15:41 patch SCHEMA end
2025-11-13 04:15:41 patch SCHEMA start
S-050200-1-20251002-1
2025-11-13 04:15:41 patch SCHEMA end
2025-11-13 04:15:41 patch SCHEMA start
S-050200-1-20251002-1
S-050200-1-20251002-1
S-050200-1-20251002-1
S-050200-1-20251002-1
S-050200-1-20251002-1
S-050200-1-20251002-1
2025-11-13 04:15:43 patch SCHEMA end
2025-11-13 04:15:43 patch SCHEMA start
S-050200-1-20251002-1
S-050200-1-20251002-1
2025-11-13 04:15:44 patch SCHEMA end
2025-11-13 04:15:44 patch SCHEMA start
S-050200-1-20251002-1
2025-11-13 04:15:44 patch SCHEMA end
2025-11-13 04:15:44 patch SCHEMA start
S-050200-1-20251002-1
S-050200-1-20251002-1
2025-11-13 04:15:44 patch SCHEMA end
2025-11-13 04:15:45 patch SCHEMA start
S-050200-1-20251002-1
2025-11-13 04:15:45 patch SCHEMA end
2025-11-13 04:15:45 patch SCHEMA start
S-050200-1-20251002-1
S-050200-1-20251002-1
S-050200-1-20251002-1
2025-11-13 04:15:46 patch SCHEMA end
2025-11-13 04:15:46 patch SCHEMA start
S-050200-1-20251002-1
2025-11-13 04:15:46 patch SCHEMA end
2025-11-13 04:15:46 patch SCHEMA start
S-050200-1-20251002-1
S-050200-1-20251002-1
S-050200-1-20251002-1
S-050200-1-20251002-1
S-050200-1-20251002-1
S-050200-1-20251002-1
S-050200-1-20251002-1
S-050200-1-20251002-1
2025-11-13 04:15:48 patch SCHEMA end
2025-11-13 04:15:48 patch SCHEMA start
S-050200-1-20251002-1
2025-11-13 04:15:48 patch SCHEMA end
2025-11-13 04:15:48 patch SCHEMA start
S-050200-1-20251002-1
2025-11-13 04:15:49 patch SCHEMA end
2025-11-13 04:15:49 patch SCHEMA start
S-050200-1-20251002-1
2025-11-13 04:15:49 patch SCHEMA end
2025-11-13 05:20:26 patch SCHEMA start
2025-11-13 05:20:26 monbatch start
monbatch
2025-11-13 05:20:26 tablecheck [ monbatch ] exist
2025-11-13 05:20:26 monbatch end
2025-11-13 05:20:26 monbatch_log start
monbatch_log
2025-11-13 05:20:26 tablecheck [ monbatch_log ] exist
2025-11-13 05:20:26 monbatch_log end
2025-11-13 05:20:26 monbatch_clog start
monbatch_clog
2025-11-13 05:20:27 tablecheck [ monbatch_clog ] exist
2025-11-13 05:20:27 monbatch_clog end
2025-11-13 05:20:27 monblob start
monblob
2025-11-13 05:20:27 tablecheck [ monblob ] exist
2025-11-13 05:20:27 monblob end
2025-11-13 05:20:27 monpushevent start
monpushevent
2025-11-13 05:20:27 tablecheck [ monpushevent ] exist
2025-11-13 05:20:27 monpushevent end
2025-11-13 05:20:27 seqmonblob start
seqmonblob
2025-11-13 05:20:27 tablecheck [ seqmonblob ] exist
2025-11-13 05:20:27 seqmonblob end
2025-11-13 05:20:27 seqmonpushevent start
seqmonpushevent
2025-11-13 05:20:28 tablecheck [ seqmonpushevent ] exist
2025-11-13 05:20:28 seqmonpushevent end
2025-11-13 05:20:28 patch SCHEMA end
2025-11-13 05:20:28 patch SCHEMA start
S-050200-1-20251002-1
2025-11-13 05:20:28 patch SCHEMA end
2025-11-13 05:20:28 patch SCHEMA start
S-050200-1-20251002-1
S-050200-1-20251002-1
S-050200-1-20251002-1
S-050200-1-20251002-1
2025-11-13 05:20:29 patch SCHEMA end
2025-11-13 05:20:29 patch SCHEMA start
S-050200-1-20251002-1
2025-11-13 05:20:29 patch SCHEMA end
2025-11-13 05:20:29 patch SCHEMA start
S-050200-1-20251002-1
S-050200-1-20251002-1
S-050200-1-20251002-1
S-050200-1-20251002-1
2025-11-13 05:20:30 patch SCHEMA end
2025-11-13 05:20:30 patch SCHEMA start
S-050200-1-20251002-1
S-050200-1-20251002-1
S-050200-1-20251002-1
S-050200-1-20251002-1
S-050200-1-20251002-1
S-050200-1-20251002-1
S-050200-1-20251002-1
S-050200-1-20251002-1
2025-11-13 05:20:31 patch SCHEMA end
2025-11-13 05:20:32 patch SCHEMA start
S-050200-1-20251002-1
2025-11-13 05:20:32 patch SCHEMA end
2025-11-13 05:20:32 patch SCHEMA start
S-050200-1-20251002-1
2025-11-13 05:20:32 patch SCHEMA end
2025-11-13 05:20:32 patch SCHEMA start
S-050200-1-20251002-1
2025-11-13 05:20:32 patch SCHEMA end
2025-11-13 05:20:32 patch SCHEMA start
S-050200-1-20251002-1
2025-11-13 05:20:33 patch SCHEMA end
2025-11-13 05:20:33 patch SCHEMA start
S-050200-1-20251002-1
S-050200-1-20251002-1
S-050200-1-20251002-1
S-050200-1-20251002-1
S-050200-1-20251002-1
S-050200-1-20251002-1
2025-11-13 05:20:34 patch SCHEMA end
2025-11-13 05:20:34 patch SCHEMA start
S-050200-1-20251002-1
S-050200-1-20251002-1
2025-11-13 05:20:34 patch SCHEMA end
2025-11-13 05:20:34 patch SCHEMA start
S-050200-1-20251002-1
2025-11-13 05:20:35 patch SCHEMA end
2025-11-13 05:20:35 patch SCHEMA start
S-050200-1-20251002-1
S-050200-1-20251002-1
2025-11-13 05:20:35 patch SCHEMA end
2025-11-13 05:20:35 patch SCHEMA start
S-050200-1-20251002-1
2025-11-13 05:20:35 patch SCHEMA end
2025-11-13 05:20:35 patch SCHEMA start
S-050200-1-20251002-1
S-050200-1-20251002-1
S-050200-1-20251002-1
2025-11-13 05:20:36 patch SCHEMA end
2025-11-13 05:20:36 patch SCHEMA start
S-050200-1-20251002-1
2025-11-13 05:20:36 patch SCHEMA end
2025-11-13 05:20:36 patch SCHEMA start
S-050200-1-20251002-1
S-050200-1-20251002-1
S-050200-1-20251002-1
S-050200-1-20251002-1
S-050200-1-20251002-1
S-050200-1-20251002-1
S-050200-1-20251002-1
S-050200-1-20251002-1
2025-11-13 05:20:38 patch SCHEMA end
2025-11-13 05:20:38 patch SCHEMA start
S-050200-1-20251002-1
2025-11-13 05:20:38 patch SCHEMA end
2025-11-13 05:20:38 patch SCHEMA start
S-050200-1-20251002-1
2025-11-13 05:20:38 patch SCHEMA end
2025-11-13 05:20:38 patch SCHEMA start
S-050200-1-20251002-1
2025-11-13 05:20:39 patch SCHEMA end
2025-11-13 05:21:54 patch SCHEMA start
2025-11-13 05:21:54 monbatch start
monbatch
2025-11-13 05:21:54 tablecheck [ monbatch ] exist
2025-11-13 05:21:54 monbatch end
2025-11-13 05:21:54 monbatch_log start
monbatch_log
2025-11-13 05:21:55 tablecheck [ monbatch_log ] exist
2025-11-13 05:21:55 monbatch_log end
2025-11-13 05:21:55 monbatch_clog start
monbatch_clog
2025-11-13 05:21:55 tablecheck [ monbatch_clog ] exist
2025-11-13 05:21:55 monbatch_clog end
2025-11-13 05:21:55 monblob start
monblob
2025-11-13 05:21:55 tablecheck [ monblob ] exist
2025-11-13 05:21:55 monblob end
2025-11-13 05:21:55 monpushevent start
monpushevent
2025-11-13 05:21:56 tablecheck [ monpushevent ] exist
2025-11-13 05:21:56 monpushevent end
2025-11-13 05:21:56 seqmonblob start
seqmonblob
2025-11-13 05:21:56 tablecheck [ seqmonblob ] exist
2025-11-13 05:21:56 seqmonblob end
2025-11-13 05:21:56 seqmonpushevent start
seqmonpushevent
2025-11-13 05:21:56 tablecheck [ seqmonpushevent ] exist
2025-11-13 05:21:56 seqmonpushevent end
2025-11-13 05:21:56 patch SCHEMA end
2025-11-13 05:21:56 patch SCHEMA start
S-050200-1-20251002-1
2025-11-13 05:21:57 patch SCHEMA end
2025-11-13 05:21:57 patch SCHEMA start
S-050200-1-20251002-1
S-050200-1-20251002-1
S-050200-1-20251002-1
S-050200-1-20251002-1
2025-11-13 05:21:57 patch SCHEMA end
2025-11-13 05:21:57 patch SCHEMA start
S-050200-1-20251002-1
2025-11-13 05:21:58 patch SCHEMA end
2025-11-13 05:21:58 patch SCHEMA start
S-050200-1-20251002-1
S-050200-1-20251002-1
S-050200-1-20251002-1
S-050200-1-20251002-1
2025-11-13 05:21:59 patch SCHEMA end
2025-11-13 05:21:59 patch SCHEMA start
S-050200-1-20251002-1
S-050200-1-20251002-1
S-050200-1-20251002-1
S-050200-1-20251002-1
S-050200-1-20251002-1
S-050200-1-20251002-1
S-050200-1-20251002-1
S-050200-1-20251002-1
2025-11-13 05:22:00 patch SCHEMA end
2025-11-13 05:22:00 patch SCHEMA start
S-050200-1-20251002-1
2025-11-13 05:22:00 patch SCHEMA end
2025-11-13 05:22:01 patch SCHEMA start
S-050200-1-20251002-1
2025-11-13 05:22:01 patch SCHEMA end
2025-11-13 05:22:01 patch SCHEMA start
S-050200-1-20251002-1
2025-11-13 05:22:01 patch SCHEMA end
2025-11-13 05:22:01 patch SCHEMA start
S-050200-1-20251002-1
2025-11-13 05:22:01 patch SCHEMA end
2025-11-13 05:22:01 patch SCHEMA start
S-050200-1-20251002-1
S-050200-1-20251002-1
S-050200-1-20251002-1
S-050200-1-20251002-1
S-050200-1-20251002-1
S-050200-1-20251002-1
2025-11-13 05:22:03 patch SCHEMA end
2025-11-13 05:22:03 patch SCHEMA start
S-050200-1-20251002-1
S-050200-1-20251002-1
2025-11-13 05:22:03 patch SCHEMA end
2025-11-13 05:22:03 patch SCHEMA start
S-050200-1-20251002-1
2025-11-13 05:22:03 patch SCHEMA end
2025-11-13 05:22:03 patch SCHEMA start
S-050200-1-20251002-1
S-050200-1-20251002-1
2025-11-13 05:22:04 patch SCHEMA end
2025-11-13 05:22:04 patch SCHEMA start
S-050200-1-20251002-1
2025-11-13 05:22:04 patch SCHEMA end
2025-11-13 05:22:04 patch SCHEMA start
S-050200-1-20251002-1
S-050200-1-20251002-1
S-050200-1-20251002-1
2025-11-13 05:22:05 patch SCHEMA end
2025-11-13 05:22:05 patch SCHEMA start
S-050200-1-20251002-1
2025-11-13 05:22:05 patch SCHEMA end
2025-11-13 05:22:05 patch SCHEMA start
S-050200-1-20251002-1
S-050200-1-20251002-1
S-050200-1-20251002-1
S-050200-1-20251002-1
S-050200-1-20251002-1
S-050200-1-20251002-1
S-050200-1-20251002-1
S-050200-1-20251002-1
2025-11-13 05:22:06 patch SCHEMA end
2025-11-13 05:22:06 patch SCHEMA start
S-050200-1-20251002-1
2025-11-13 05:22:07 patch SCHEMA end
2025-11-13 05:22:07 patch SCHEMA start
S-050200-1-20251002-1
2025-11-13 05:22:07 patch SCHEMA end
2025-11-13 05:22:07 patch SCHEMA start
S-050200-1-20251002-1
2025-11-13 05:22:07 patch SCHEMA end
2025-11-13 05:23:15 patch SCHEMA start
2025-11-13 05:23:15 monbatch start
monbatch
2025-11-13 05:23:15 tablecheck [ monbatch ] exist
2025-11-13 05:23:15 monbatch end
2025-11-13 05:23:15 monbatch_log start
monbatch_log
2025-11-13 05:23:15 tablecheck [ monbatch_log ] exist
2025-11-13 05:23:16 monbatch_log end
2025-11-13 05:23:16 monbatch_clog start
monbatch_clog
2025-11-13 05:23:16 tablecheck [ monbatch_clog ] exist
2025-11-13 05:23:16 monbatch_clog end
2025-11-13 05:23:16 monblob start
monblob
2025-11-13 05:23:16 tablecheck [ monblob ] exist
2025-11-13 05:23:16 monblob end
2025-11-13 05:23:16 monpushevent start
monpushevent
2025-11-13 05:23:16 tablecheck [ monpushevent ] exist
2025-11-13 05:23:16 monpushevent end
2025-11-13 05:23:16 seqmonblob start
seqmonblob
2025-11-13 05:23:16 tablecheck [ seqmonblob ] exist
2025-11-13 05:23:16 seqmonblob end
2025-11-13 05:23:16 seqmonpushevent start
seqmonpushevent
2025-11-13 05:23:17 tablecheck [ seqmonpushevent ] exist
2025-11-13 05:23:17 seqmonpushevent end
2025-11-13 05:23:17 patch SCHEMA end
2025-11-13 05:23:17 patch SCHEMA start
S-050200-1-20251002-1
2025-11-13 05:23:17 patch SCHEMA end
2025-11-13 05:23:17 patch SCHEMA start
S-050200-1-20251002-1
S-050200-1-20251002-1
S-050200-1-20251002-1
S-050200-1-20251002-1
2025-11-13 05:23:18 patch SCHEMA end
2025-11-13 05:23:18 patch SCHEMA start
S-050200-1-20251002-1
2025-11-13 05:23:18 patch SCHEMA end
2025-11-13 05:23:18 patch SCHEMA start
S-050200-1-20251002-1
S-050200-1-20251002-1
S-050200-1-20251002-1
S-050200-1-20251002-1
2025-11-13 05:23:19 patch SCHEMA end
2025-11-13 05:23:19 patch SCHEMA start
S-050200-1-20251002-1
S-050200-1-20251002-1
S-050200-1-20251002-1
S-050200-1-20251002-1
S-050200-1-20251002-1
S-050200-1-20251002-1
S-050200-1-20251002-1
S-050200-1-20251002-1
2025-11-13 05:23:20 patch SCHEMA end
2025-11-13 05:23:20 patch SCHEMA start
S-050200-1-20251002-1
2025-11-13 05:23:21 patch SCHEMA end
2025-11-13 05:23:21 patch SCHEMA start
S-050200-1-20251002-1
2025-11-13 05:23:21 patch SCHEMA end
2025-11-13 05:23:21 patch SCHEMA start
S-050200-1-20251002-1
2025-11-13 05:23:21 patch SCHEMA end
2025-11-13 05:23:21 patch SCHEMA start
S-050200-1-20251002-1
2025-11-13 05:23:22 patch SCHEMA end
2025-11-13 05:23:22 patch SCHEMA start
S-050200-1-20251002-1
S-050200-1-20251002-1
S-050200-1-20251002-1
S-050200-1-20251002-1
S-050200-1-20251002-1
S-050200-1-20251002-1
2025-11-13 05:23:23 patch SCHEMA end
2025-11-13 05:23:23 patch SCHEMA start
S-050200-1-20251002-1
S-050200-1-20251002-1
2025-11-13 05:23:23 patch SCHEMA end
2025-11-13 05:23:23 patch SCHEMA start
S-050200-1-20251002-1
2025-11-13 05:23:24 patch SCHEMA end
2025-11-13 05:23:24 patch SCHEMA start
S-050200-1-20251002-1
S-050200-1-20251002-1
2025-11-13 05:23:24 patch SCHEMA end
2025-11-13 05:23:24 patch SCHEMA start
S-050200-1-20251002-1
2025-11-13 05:23:24 patch SCHEMA end
2025-11-13 05:23:24 patch SCHEMA start
S-050200-1-20251002-1
S-050200-1-20251002-1
S-050200-1-20251002-1
2025-11-13 05:23:25 patch SCHEMA end
2025-11-13 05:23:25 patch SCHEMA start
S-050200-1-20251002-1
2025-11-13 05:23:25 patch SCHEMA end
2025-11-13 05:23:25 patch SCHEMA start
S-050200-1-20251002-1
S-050200-1-20251002-1
S-050200-1-20251002-1
S-050200-1-20251002-1
S-050200-1-20251002-1
S-050200-1-20251002-1
S-050200-1-20251002-1
S-050200-1-20251002-1
2025-11-13 05:23:27 patch SCHEMA end
2025-11-13 05:23:27 patch SCHEMA start
S-050200-1-20251002-1
2025-11-13 05:23:27 patch SCHEMA end
2025-11-13 05:23:27 patch SCHEMA start
S-050200-1-20251002-1
2025-11-13 05:23:28 patch SCHEMA end
2025-11-13 05:23:28 patch SCHEMA start
S-050200-1-20251002-1
2025-11-13 05:23:28 patch SCHEMA end
2025-11-13 05:24:03 patch SCHEMA start
2025-11-13 05:24:03 monbatch start
monbatch
2025-11-13 05:24:04 tablecheck [ monbatch ] exist
2025-11-13 05:24:04 monbatch end
2025-11-13 05:24:04 monbatch_log start
monbatch_log
2025-11-13 05:24:04 tablecheck [ monbatch_log ] exist
2025-11-13 05:24:04 monbatch_log end
2025-11-13 05:24:04 monbatch_clog start
monbatch_clog
2025-11-13 05:24:04 tablecheck [ monbatch_clog ] exist
2025-11-13 05:24:04 monbatch_clog end
2025-11-13 05:24:04 monblob start
monblob
2025-11-13 05:24:04 tablecheck [ monblob ] exist
2025-11-13 05:24:04 monblob end
2025-11-13 05:24:04 monpushevent start
monpushevent
2025-11-13 05:24:05 tablecheck [ monpushevent ] exist
2025-11-13 05:24:05 monpushevent end
2025-11-13 05:24:05 seqmonblob start
seqmonblob
2025-11-13 05:24:05 tablecheck [ seqmonblob ] exist
2025-11-13 05:24:05 seqmonblob end
2025-11-13 05:24:05 seqmonpushevent start
seqmonpushevent
2025-11-13 05:24:05 tablecheck [ seqmonpushevent ] exist
2025-11-13 05:24:05 seqmonpushevent end
2025-11-13 05:24:05 patch SCHEMA end
2025-11-13 05:24:05 patch SCHEMA start
S-050200-1-20251002-1
2025-11-13 05:24:06 patch SCHEMA end
2025-11-13 05:24:06 patch SCHEMA start
S-050200-1-20251002-1
S-050200-1-20251002-1
S-050200-1-20251002-1
S-050200-1-20251002-1
2025-11-13 05:24:06 patch SCHEMA end
2025-11-13 05:24:06 patch SCHEMA start
S-050200-1-20251002-1
2025-11-13 05:24:07 patch SCHEMA end
2025-11-13 05:24:07 patch SCHEMA start
S-050200-1-20251002-1
S-050200-1-20251002-1
S-050200-1-20251002-1
S-050200-1-20251002-1
2025-11-13 05:24:07 patch SCHEMA end
2025-11-13 05:24:07 patch SCHEMA start
S-050200-1-20251002-1
S-050200-1-20251002-1
S-050200-1-20251002-1
S-050200-1-20251002-1
S-050200-1-20251002-1
S-050200-1-20251002-1
S-050200-1-20251002-1
S-050200-1-20251002-1
2025-11-13 05:24:09 patch SCHEMA end
2025-11-13 05:24:09 patch SCHEMA start
S-050200-1-20251002-1
2025-11-13 05:24:09 patch SCHEMA end
2025-11-13 05:24:09 patch SCHEMA start
S-050200-1-20251002-1
2025-11-13 05:24:10 patch SCHEMA end
2025-11-13 05:24:10 patch SCHEMA start
S-050200-1-20251002-1
2025-11-13 05:24:10 patch SCHEMA end
2025-11-13 05:24:10 patch SCHEMA start
S-050200-1-20251002-1
2025-11-13 05:24:10 patch SCHEMA end
2025-11-13 05:24:10 patch SCHEMA start
S-050200-1-20251002-1
S-050200-1-20251002-1
S-050200-1-20251002-1
S-050200-1-20251002-1
S-050200-1-20251002-1
S-050200-1-20251002-1
2025-11-13 05:24:11 patch SCHEMA end
2025-11-13 05:24:11 patch SCHEMA start
S-050200-1-20251002-1
S-050200-1-20251002-1
2025-11-13 05:24:12 patch SCHEMA end
2025-11-13 05:24:12 patch SCHEMA start
S-050200-1-20251002-1
2025-11-13 05:24:12 patch SCHEMA end
2025-11-13 05:24:12 patch SCHEMA start
S-050200-1-20251002-1
S-050200-1-20251002-1
2025-11-13 05:24:13 patch SCHEMA end
2025-11-13 05:24:13 patch SCHEMA start
S-050200-1-20251002-1
2025-11-13 05:24:13 patch SCHEMA end
2025-11-13 05:24:13 patch SCHEMA start
S-050200-1-20251002-1
S-050200-1-20251002-1
S-050200-1-20251002-1
2025-11-13 05:24:14 patch SCHEMA end
2025-11-13 05:24:14 patch SCHEMA start
S-050200-1-20251002-1
2025-11-13 05:24:14 patch SCHEMA end
2025-11-13 05:24:14 patch SCHEMA start
S-050200-1-20251002-1
S-050200-1-20251002-1
S-050200-1-20251002-1
S-050200-1-20251002-1
S-050200-1-20251002-1
S-050200-1-20251002-1
S-050200-1-20251002-1
S-050200-1-20251002-1
2025-11-13 05:24:15 patch SCHEMA end
2025-11-13 05:24:16 patch SCHEMA start
S-050200-1-20251002-1
2025-11-13 05:24:16 patch SCHEMA end
2025-11-13 05:24:16 patch SCHEMA start
S-050200-1-20251002-1
2025-11-13 05:24:16 patch SCHEMA end
2025-11-13 05:24:16 patch SCHEMA start
S-050200-1-20251002-1
2025-11-13 05:24:16 patch SCHEMA end
2025-11-13 05:25:30 patch SCHEMA start
2025-11-13 05:25:30 monbatch start
monbatch
2025-11-13 05:25:30 tablecheck [ monbatch ] exist
2025-11-13 05:25:30 monbatch end
2025-11-13 05:25:30 monbatch_log start
monbatch_log
2025-11-13 05:25:31 tablecheck [ monbatch_log ] exist
2025-11-13 05:25:31 monbatch_log end
2025-11-13 05:25:31 monbatch_clog start
monbatch_clog
2025-11-13 05:25:31 tablecheck [ monbatch_clog ] exist
2025-11-13 05:25:31 monbatch_clog end
2025-11-13 05:25:31 monblob start
monblob
2025-11-13 05:25:31 tablecheck [ monblob ] exist
2025-11-13 05:25:31 monblob end
2025-11-13 05:25:31 monpushevent start
monpushevent
2025-11-13 05:25:32 tablecheck [ monpushevent ] exist
2025-11-13 05:25:32 monpushevent end
2025-11-13 05:25:32 seqmonblob start
seqmonblob
2025-11-13 05:25:32 tablecheck [ seqmonblob ] exist
2025-11-13 05:25:32 seqmonblob end
2025-11-13 05:25:32 seqmonpushevent start
seqmonpushevent
2025-11-13 05:25:32 tablecheck [ seqmonpushevent ] exist
2025-11-13 05:25:32 seqmonpushevent end
2025-11-13 05:25:32 patch SCHEMA end
2025-11-13 05:25:32 patch SCHEMA start
S-050200-1-20251002-1
2025-11-13 05:25:32 patch SCHEMA end
2025-11-13 05:25:32 patch SCHEMA start
S-050200-1-20251002-1
S-050200-1-20251002-1
S-050200-1-20251002-1
S-050200-1-20251002-1
2025-11-13 05:25:33 patch SCHEMA end
2025-11-13 05:25:33 patch SCHEMA start
S-050200-1-20251002-1
2025-11-13 05:25:34 patch SCHEMA end
2025-11-13 05:25:34 patch SCHEMA start
S-050200-1-20251002-1
S-050200-1-20251002-1
S-050200-1-20251002-1
S-050200-1-20251002-1
2025-11-13 05:25:34 patch SCHEMA end
2025-11-13 05:25:34 patch SCHEMA start
S-050200-1-20251002-1
S-050200-1-20251002-1
S-050200-1-20251002-1
S-050200-1-20251002-1
S-050200-1-20251002-1
S-050200-1-20251002-1
S-050200-1-20251002-1
S-050200-1-20251002-1
2025-11-13 05:25:36 patch SCHEMA end
2025-11-13 05:25:36 patch SCHEMA start
S-050200-1-20251002-1
2025-11-13 05:25:36 patch SCHEMA end
2025-11-13 05:25:36 patch SCHEMA start
S-050200-1-20251002-1
2025-11-13 05:25:36 patch SCHEMA end
2025-11-13 05:25:36 patch SCHEMA start
S-050200-1-20251002-1
2025-11-13 05:25:37 patch SCHEMA end
2025-11-13 05:25:37 patch SCHEMA start
S-050200-1-20251002-1
2025-11-13 05:25:37 patch SCHEMA end
2025-11-13 05:25:37 patch SCHEMA start
S-050200-1-20251002-1
S-050200-1-20251002-1
S-050200-1-20251002-1
S-050200-1-20251002-1
S-050200-1-20251002-1
S-050200-1-20251002-1
2025-11-13 05:25:38 patch SCHEMA end
2025-11-13 05:25:38 patch SCHEMA start
S-050200-1-20251002-1
S-050200-1-20251002-1
2025-11-13 05:25:39 patch SCHEMA end
2025-11-13 05:25:39 patch SCHEMA start
S-050200-1-20251002-1
2025-11-13 05:25:39 patch SCHEMA end
2025-11-13 05:25:39 patch SCHEMA start
S-050200-1-20251002-1
S-050200-1-20251002-1
2025-11-13 05:25:39 patch SCHEMA end
2025-11-13 05:25:39 patch SCHEMA start
S-050200-1-20251002-1
2025-11-13 05:25:40 patch SCHEMA end
2025-11-13 05:25:40 patch SCHEMA start
S-050200-1-20251002-1
S-050200-1-20251002-1
S-050200-1-20251002-1
2025-11-13 05:25:40 patch SCHEMA end
2025-11-13 05:25:40 patch SCHEMA start
S-050200-1-20251002-1
2025-11-13 05:25:41 patch SCHEMA end
2025-11-13 05:25:41 patch SCHEMA start
S-050200-1-20251002-1
S-050200-1-20251002-1
S-050200-1-20251002-1
S-050200-1-20251002-1
S-050200-1-20251002-1
S-050200-1-20251002-1
S-050200-1-20251002-1
S-050200-1-20251002-1
2025-11-13 05:25:42 patch SCHEMA end
2025-11-13 05:25:42 patch SCHEMA start
S-050200-1-20251002-1
2025-11-13 05:25:42 patch SCHEMA end
2025-11-13 05:25:42 patch SCHEMA start
S-050200-1-20251002-1
2025-11-13 05:25:43 patch SCHEMA end
2025-11-13 05:25:43 patch SCHEMA start
S-050200-1-20251002-1
2025-11-13 05:25:43 patch SCHEMA end
2025-11-13 23:32:21 patch SCHEMA start
2025-11-13 23:32:21 monbatch start
monbatch
2025-11-13 23:32:22 tablecheck [ monbatch ] exist
2025-11-13 23:32:22 monbatch end
2025-11-13 23:32:22 monbatch_log start
monbatch_log
2025-11-13 23:32:22 tablecheck [ monbatch_log ] exist
2025-11-13 23:32:22 monbatch_log end
2025-11-13 23:32:22 monbatch_clog start
monbatch_clog
2025-11-13 23:32:22 tablecheck [ monbatch_clog ] exist
2025-11-13 23:32:22 monbatch_clog end
2025-11-13 23:32:22 monblob start
monblob
2025-11-13 23:32:22 tablecheck [ monblob ] exist
2025-11-13 23:32:22 monblob end
2025-11-13 23:32:22 monpushevent start
monpushevent
2025-11-13 23:32:23 tablecheck [ monpushevent ] exist
2025-11-13 23:32:23 monpushevent end
2025-11-13 23:32:23 seqmonblob start
seqmonblob
2025-11-13 23:32:23 tablecheck [ seqmonblob ] exist
2025-11-13 23:32:23 seqmonblob end
2025-11-13 23:32:23 seqmonpushevent start
seqmonpushevent
2025-11-13 23:32:23 tablecheck [ seqmonpushevent ] exist
2025-11-13 23:32:23 seqmonpushevent end
2025-11-13 23:32:23 patch SCHEMA end
2025-11-13 23:32:24 patch SCHEMA start
S-050200-1-20251002-1
2025-11-13 23:32:24 patch SCHEMA end
2025-11-13 23:32:24 patch SCHEMA start
S-050200-1-20251002-1
S-050200-1-20251002-1
S-050200-1-20251002-1
S-050200-1-20251002-1
2025-11-13 23:32:25 patch SCHEMA end
2025-11-13 23:32:25 patch SCHEMA start
S-050200-1-20251002-1
2025-11-13 23:32:26 patch SCHEMA end
2025-11-13 23:32:26 patch SCHEMA start
S-050200-1-20251002-1
S-050200-1-20251002-1
S-050200-1-20251002-1
S-050200-1-20251002-1
2025-11-13 23:32:27 patch SCHEMA end
2025-11-13 23:32:27 patch SCHEMA start
S-050200-1-20251002-1
S-050200-1-20251002-1
S-050200-1-20251002-1
S-050200-1-20251002-1
S-050200-1-20251002-1
S-050200-1-20251002-1
S-050200-1-20251002-1
S-050200-1-20251002-1
2025-11-13 23:32:28 patch SCHEMA end
2025-11-13 23:32:28 patch SCHEMA start
S-050200-1-20251002-1
2025-11-13 23:32:28 patch SCHEMA end
2025-11-13 23:32:28 patch SCHEMA start
S-050200-1-20251002-1
2025-11-13 23:32:29 patch SCHEMA end
2025-11-13 23:32:29 patch SCHEMA start
S-050200-1-20251002-1
2025-11-13 23:32:29 patch SCHEMA end
2025-11-13 23:32:29 patch SCHEMA start
S-050200-1-20251002-1
2025-11-13 23:32:29 patch SCHEMA end
2025-11-13 23:32:29 patch SCHEMA start
S-050200-1-20251002-1
S-050200-1-20251002-1
S-050200-1-20251002-1
S-050200-1-20251002-1
S-050200-1-20251002-1
S-050200-1-20251002-1
2025-11-13 23:32:30 patch SCHEMA end
2025-11-13 23:32:30 patch SCHEMA start
S-050200-1-20251002-1
S-050200-1-20251002-1
2025-11-13 23:32:31 patch SCHEMA end
2025-11-13 23:32:31 patch SCHEMA start
S-050200-1-20251002-1
2025-11-13 23:32:31 patch SCHEMA end
2025-11-13 23:32:31 patch SCHEMA start
S-050200-1-20251002-1
S-050200-1-20251002-1
2025-11-13 23:32:32 patch SCHEMA end
2025-11-13 23:32:32 patch SCHEMA start
S-050200-1-20251002-1
2025-11-13 23:32:32 patch SCHEMA end
2025-11-13 23:32:32 patch SCHEMA start
S-050200-1-20251002-1
S-050200-1-20251002-1
S-050200-1-20251002-1
2025-11-13 23:32:32 patch SCHEMA end
2025-11-13 23:32:32 patch SCHEMA start
S-050200-1-20251002-1
2025-11-13 23:32:33 patch SCHEMA end
2025-11-13 23:32:33 patch SCHEMA start
S-050200-1-20251002-1
S-050200-1-20251002-1
S-050200-1-20251002-1
S-050200-1-20251002-1
S-050200-1-20251002-1
S-050200-1-20251002-1
S-050200-1-20251002-1
S-050200-1-20251002-1
2025-11-13 23:32:34 patch SCHEMA end
2025-11-13 23:32:34 patch SCHEMA start
S-050200-1-20251002-1
2025-11-13 23:32:34 patch SCHEMA end
2025-11-13 23:32:34 patch SCHEMA start
S-050200-1-20251002-1
2025-11-13 23:32:35 patch SCHEMA end
2025-11-13 23:32:35 patch SCHEMA start
S-050200-1-20251002-1
2025-11-13 23:32:35 patch SCHEMA end
2025-11-14 13:05:53 patch SCHEMA start
2025-11-14 13:05:53 monbatch start
monbatch
2025-11-14 13:05:53 tablecheck [ monbatch ] exist
2025-11-14 13:05:53 monbatch end
2025-11-14 13:05:53 monbatch_log start
monbatch_log
2025-11-14 13:05:53 tablecheck [ monbatch_log ] exist
2025-11-14 13:05:53 monbatch_log end
2025-11-14 13:05:53 monbatch_clog start
monbatch_clog
2025-11-14 13:05:53 tablecheck [ monbatch_clog ] exist
2025-11-14 13:05:54 monbatch_clog end
2025-11-14 13:05:54 monblob start
monblob
2025-11-14 13:05:54 tablecheck [ monblob ] exist
2025-11-14 13:05:54 monblob end
2025-11-14 13:05:54 monpushevent start
monpushevent
2025-11-14 13:05:54 tablecheck [ monpushevent ] exist
2025-11-14 13:05:54 monpushevent end
2025-11-14 13:05:54 seqmonblob start
seqmonblob
2025-11-14 13:05:54 tablecheck [ seqmonblob ] exist
2025-11-14 13:05:54 seqmonblob end
2025-11-14 13:05:54 seqmonpushevent start
seqmonpushevent
2025-11-14 13:05:54 tablecheck [ seqmonpushevent ] exist
2025-11-14 13:05:54 seqmonpushevent end
2025-11-14 13:05:54 patch SCHEMA end
2025-11-14 13:05:55 patch SCHEMA start
S-050200-1-20251002-1
2025-11-14 13:05:55 patch SCHEMA end
2025-11-14 13:05:55 patch SCHEMA start
S-050200-1-20251002-1
S-050200-1-20251002-1
S-050200-1-20251002-1
S-050200-1-20251002-1
2025-11-14 13:05:56 patch SCHEMA end
2025-11-14 13:05:56 patch SCHEMA start
S-050200-1-20251002-1
2025-11-14 13:05:56 patch SCHEMA end
2025-11-14 13:05:56 patch SCHEMA start
S-050200-1-20251002-1
S-050200-1-20251002-1
S-050200-1-20251002-1
S-050200-1-20251002-1
2025-11-14 13:05:57 patch SCHEMA end
2025-11-14 13:05:57 patch SCHEMA start
S-050200-1-20251002-1
S-050200-1-20251002-1
S-050200-1-20251002-1
S-050200-1-20251002-1
S-050200-1-20251002-1
S-050200-1-20251002-1
S-050200-1-20251002-1
S-050200-1-20251002-1
2025-11-14 13:05:58 patch SCHEMA end
2025-11-14 13:05:58 patch SCHEMA start
S-050200-1-20251002-1
2025-11-14 13:05:58 patch SCHEMA end
2025-11-14 13:05:58 patch SCHEMA start
S-050200-1-20251002-1
2025-11-14 13:05:59 patch SCHEMA end
2025-11-14 13:05:59 patch SCHEMA start
S-050200-1-20251002-1
2025-11-14 13:05:59 patch SCHEMA end
2025-11-14 13:05:59 patch SCHEMA start
S-050200-1-20251002-1
2025-11-14 13:05:59 patch SCHEMA end
2025-11-14 13:05:59 patch SCHEMA start
S-050200-1-20251002-1
S-050200-1-20251002-1
S-050200-1-20251002-1
S-050200-1-20251002-1
S-050200-1-20251002-1
S-050200-1-20251002-1
2025-11-14 13:06:00 patch SCHEMA end
2025-11-14 13:06:00 patch SCHEMA start
S-050200-1-20251002-1
S-050200-1-20251002-1
2025-11-14 13:06:01 patch SCHEMA end
2025-11-14 13:06:01 patch SCHEMA start
S-050200-1-20251002-1
2025-11-14 13:06:01 patch SCHEMA end
2025-11-14 13:06:01 patch SCHEMA start
S-050200-1-20251002-1
S-050200-1-20251002-1
2025-11-14 13:06:02 patch SCHEMA end
2025-11-14 13:06:02 patch SCHEMA start
S-050200-1-20251002-1
2025-11-14 13:06:02 patch SCHEMA end
2025-11-14 13:06:02 patch SCHEMA start
S-050200-1-20251002-1
S-050200-1-20251002-1
S-050200-1-20251002-1
2025-11-14 13:06:02 patch SCHEMA end
2025-11-14 13:06:02 patch SCHEMA start
S-050200-1-20251002-1
2025-11-14 13:06:03 patch SCHEMA end
2025-11-14 13:06:03 patch SCHEMA start
S-050200-1-20251002-1
S-050200-1-20251002-1
S-050200-1-20251002-1
S-050200-1-20251002-1
S-050200-1-20251002-1
S-050200-1-20251002-1
S-050200-1-20251002-1
S-050200-1-20251002-1
2025-11-14 13:06:04 patch SCHEMA end
2025-11-14 13:06:04 patch SCHEMA start
S-050200-1-20251002-1
2025-11-14 13:06:04 patch SCHEMA end
2025-11-14 13:06:04 patch SCHEMA start
S-050200-1-20251002-1
2025-11-14 13:06:05 patch SCHEMA end
2025-11-14 13:06:05 patch SCHEMA start
S-050200-1-20251002-1
2025-11-14 13:06:05 patch SCHEMA end
